// Jest Snapshot v1, https://goo.gl/fbAQLP

exports[`CalculateTotal component renders homepage unchanged 1`] = `
<div>
  <div>
    <h2>
      Total: 
      0
    </h2>
    <input
      placeholder="Enter a value"
      type="number"
      value="0"
    />
    <div>
      <button>
        Add
      </button>
      <button>
        Subtract
      </button>
    </div>
  </div>
</div>
`;
